MPLINK 4.49, Linker
Linker Map File - Created Sun May 18 17:08:32 2014

                                 Section Info
                  Section       Type    Address   Location Size(Bytes)
                ---------  ---------  ---------  ---------  ---------
                   .org_0       code   0x000000    program   0x000000
                   .org_1       code   0x000000    program   0x000652
      .config_2007_APLI.O       code   0x002007    program   0x000002



                              Program Memory Usage 
                               Start         End      
                           ---------   ---------      
                            0x000000    0x000328      
                            0x002007    0x002007      
            810 out of 8454 program addresses used, program memory utilization is 9%



                              Symbols - Sorted by Name
                     Name    Address   Location    Storage File                     
                ---------  ---------  ---------  --------- ---------                
                ADC10Bits   0x000096    program     static D:\Informes V CICLO\Microcontroladores\LAB10\adc.asm
                 ADC8Bits   0x00008e    program     static D:\Informes V CICLO\Microcontroladores\LAB10\adc.asm
                    BRIN1   0x0001e0    program     static D:\Informes V CICLO\Microcontroladores\LAB10\mensaje.asm
                   BRIN10   0x0002a6    program     static D:\Informes V CICLO\Microcontroladores\LAB10\mensaje.asm
                   BRIN11   0x0002bc    program     static D:\Informes V CICLO\Microcontroladores\LAB10\mensaje.asm
                   BRIN12   0x0002d2    program     static D:\Informes V CICLO\Microcontroladores\LAB10\mensaje.asm
                   BRIN13   0x0002e8    program     static D:\Informes V CICLO\Microcontroladores\LAB10\mensaje.asm
                   BRIN14   0x0002fe    program     static D:\Informes V CICLO\Microcontroladores\LAB10\mensaje.asm
                   BRIN15   0x000314    program     static D:\Informes V CICLO\Microcontroladores\LAB10\mensaje.asm
                    BRIN2   0x0001f6    program     static D:\Informes V CICLO\Microcontroladores\LAB10\mensaje.asm
                    BRIN3   0x00020c    program     static D:\Informes V CICLO\Microcontroladores\LAB10\mensaje.asm
                    BRIN4   0x000222    program     static D:\Informes V CICLO\Microcontroladores\LAB10\mensaje.asm
                    BRIN5   0x000238    program     static D:\Informes V CICLO\Microcontroladores\LAB10\mensaje.asm
                    BRIN6   0x00024e    program     static D:\Informes V CICLO\Microcontroladores\LAB10\mensaje.asm
                    BRIN7   0x000264    program     static D:\Informes V CICLO\Microcontroladores\LAB10\mensaje.asm
                    BRIN8   0x00027a    program     static D:\Informes V CICLO\Microcontroladores\LAB10\mensaje.asm
                    BRIN9   0x000290    program     static D:\Informes V CICLO\Microcontroladores\LAB10\mensaje.asm
                  Compara   0x00001a    program     static D:\Informes V CICLO\Microcontroladores\LAB10\apli.asm
        DisplayAnodoComun   0x000066    program     static D:\Informes V CICLO\Microcontroladores\LAB10\electronicpic16f877.asm
       DisplayCatodoComun   0x00005b    program     static D:\Informes V CICLO\Microcontroladores\LAB10\electronicpic16f877.asm
              EnviaCarLCD   0x0000b0    program     static D:\Informes V CICLO\Microcontroladores\LAB10\lcd.asm
              EnviaCmdLCD   0x0000c7    program     static D:\Informes V CICLO\Microcontroladores\LAB10\lcd.asm
               FinDecenas   0x000030    program     static D:\Informes V CICLO\Microcontroladores\LAB10\apli.asm
           FinalizaTesteo   0x000024    program     static D:\Informes V CICLO\Microcontroladores\LAB10\apli.asm
           HallaDecimales   0x000026    program     static D:\Informes V CICLO\Microcontroladores\LAB10\apli.asm
               Inicio_ADC   0x000086    program     static D:\Informes V CICLO\Microcontroladores\LAB10\adc.asm
               Inicio_lcd   0x0000fa    program     static D:\Informes V CICLO\Microcontroladores\LAB10\lcd.asm
              Milisegundo   0x00003c    program     static D:\Informes V CICLO\Microcontroladores\LAB10\electronicpic16f877.asm
                   Repite   0x000013    program     static D:\Informes V CICLO\Microcontroladores\LAB10\apli.asm
                    SALIR   0x000328    program     static D:\Informes V CICLO\Microcontroladores\LAB10\mensaje.asm
                  Segundo   0x00004a    program     static D:\Informes V CICLO\Microcontroladores\LAB10\electronicpic16f877.asm
                    TEXT1   0x0001de    program     static D:\Informes V CICLO\Microcontroladores\LAB10\mensaje.asm
                   TEXT10   0x0002a4    program     static D:\Informes V CICLO\Microcontroladores\LAB10\mensaje.asm
                   TEXT11   0x0002ba    program     static D:\Informes V CICLO\Microcontroladores\LAB10\mensaje.asm
                   TEXT12   0x0002d0    program     static D:\Informes V CICLO\Microcontroladores\LAB10\mensaje.asm
                   TEXT13   0x0002e6    program     static D:\Informes V CICLO\Microcontroladores\LAB10\mensaje.asm
                   TEXT14   0x0002fc    program     static D:\Informes V CICLO\Microcontroladores\LAB10\mensaje.asm
                   TEXT15   0x000312    program     static D:\Informes V CICLO\Microcontroladores\LAB10\mensaje.asm
                    TEXT2   0x0001f4    program     static D:\Informes V CICLO\Microcontroladores\LAB10\mensaje.asm
                    TEXT3   0x00020a    program     static D:\Informes V CICLO\Microcontroladores\LAB10\mensaje.asm
                    TEXT4   0x000220    program     static D:\Informes V CICLO\Microcontroladores\LAB10\mensaje.asm
                    TEXT5   0x000236    program     static D:\Informes V CICLO\Microcontroladores\LAB10\mensaje.asm
                    TEXT6   0x00024c    program     static D:\Informes V CICLO\Microcontroladores\LAB10\mensaje.asm
                    TEXT7   0x000262    program     static D:\Informes V CICLO\Microcontroladores\LAB10\mensaje.asm
                    TEXT8   0x000278    program     static D:\Informes V CICLO\Microcontroladores\LAB10\mensaje.asm
                    TEXT9   0x00028e    program     static D:\Informes V CICLO\Microcontroladores\LAB10\mensaje.asm
                  TEXTO_1   0x000136    program     static D:\Informes V CICLO\Microcontroladores\LAB10\mensaje.asm
                 TEXTO_10   0x0001c5    program     static D:\Informes V CICLO\Microcontroladores\LAB10\mensaje.asm
                 TEXTO_11   0x0001d4    program     static D:\Informes V CICLO\Microcontroladores\LAB10\mensaje.asm
                 TEXTO_12   0x0001d6    program     static D:\Informes V CICLO\Microcontroladores\LAB10\mensaje.asm
                 TEXTO_13   0x0001d8    program     static D:\Informes V CICLO\Microcontroladores\LAB10\mensaje.asm
                 TEXTO_14   0x0001da    program     static D:\Informes V CICLO\Microcontroladores\LAB10\mensaje.asm
                 TEXTO_15   0x0001dc    program     static D:\Informes V CICLO\Microcontroladores\LAB10\mensaje.asm
                  TEXTO_2   0x000140    program     static D:\Informes V CICLO\Microcontroladores\LAB10\mensaje.asm
                  TEXTO_3   0x00014e    program     static D:\Informes V CICLO\Microcontroladores\LAB10\mensaje.asm
                  TEXTO_4   0x00015f    program     static D:\Informes V CICLO\Microcontroladores\LAB10\mensaje.asm
                  TEXTO_5   0x000170    program     static D:\Informes V CICLO\Microcontroladores\LAB10\mensaje.asm
                  TEXTO_6   0x000181    program     static D:\Informes V CICLO\Microcontroladores\LAB10\mensaje.asm
                  TEXTO_7   0x000192    program     static D:\Informes V CICLO\Microcontroladores\LAB10\mensaje.asm
                  TEXTO_8   0x0001a1    program     static D:\Informes V CICLO\Microcontroladores\LAB10\mensaje.asm
                  TEXTO_9   0x0001b3    program     static D:\Informes V CICLO\Microcontroladores\LAB10\mensaje.asm
              TestBusyLCD   0x0000da    program     static D:\Informes V CICLO\Microcontroladores\LAB10\lcd.asm
                      ret   0x000072    program     static D:\Informes V CICLO\Microcontroladores\LAB10\electronicpic16f877.asm
                 ret100ms   0x00007c    program     static D:\Informes V CICLO\Microcontroladores\LAB10\electronicpic16f877.asm
                 ret300ms   0x00007f    program     static D:\Informes V CICLO\Microcontroladores\LAB10\electronicpic16f877.asm
                  ret50ms   0x000077    program     static D:\Informes V CICLO\Microcontroladores\LAB10\electronicpic16f877.asm
                 ret600ms   0x000083    program     static D:\Informes V CICLO\Microcontroladores\LAB10\electronicpic16f877.asm
                  retardo   0x000071    program     static D:\Informes V CICLO\Microcontroladores\LAB10\electronicpic16f877.asm
                       xx   0x00003d    program     static D:\Informes V CICLO\Microcontroladores\LAB10\electronicpic16f877.asm
                      xx1   0x00003f    program     static D:\Informes V CICLO\Microcontroladores\LAB10\electronicpic16f877.asm
                      xx2   0x000041    program     static D:\Informes V CICLO\Microcontroladores\LAB10\electronicpic16f877.asm
                      xxx   0x00004b    program     static D:\Informes V CICLO\Microcontroladores\LAB10\electronicpic16f877.asm
                     xxx1   0x00004d    program     static D:\Informes V CICLO\Microcontroladores\LAB10\electronicpic16f877.asm
                     xxx2   0x00004f    program     static D:\Informes V CICLO\Microcontroladores\LAB10\electronicpic16f877.asm
                     xxx3   0x000051    program     static D:\Informes V CICLO\Microcontroladores\LAB10\electronicpic16f877.asm



                              Symbols - Sorted by Address
                     Name    Address   Location    Storage File                     
                ---------  ---------  ---------  --------- ---------                
                   Repite   0x000013    program     static D:\Informes V CICLO\Microcontroladores\LAB10\apli.asm
                  Compara   0x00001a    program     static D:\Informes V CICLO\Microcontroladores\LAB10\apli.asm
           FinalizaTesteo   0x000024    program     static D:\Informes V CICLO\Microcontroladores\LAB10\apli.asm
           HallaDecimales   0x000026    program     static D:\Informes V CICLO\Microcontroladores\LAB10\apli.asm
               FinDecenas   0x000030    program     static D:\Informes V CICLO\Microcontroladores\LAB10\apli.asm
              Milisegundo   0x00003c    program     static D:\Informes V CICLO\Microcontroladores\LAB10\electronicpic16f877.asm
                       xx   0x00003d    program     static D:\Informes V CICLO\Microcontroladores\LAB10\electronicpic16f877.asm
                      xx1   0x00003f    program     static D:\Informes V CICLO\Microcontroladores\LAB10\electronicpic16f877.asm
                      xx2   0x000041    program     static D:\Informes V CICLO\Microcontroladores\LAB10\electronicpic16f877.asm
                  Segundo   0x00004a    program     static D:\Informes V CICLO\Microcontroladores\LAB10\electronicpic16f877.asm
                      xxx   0x00004b    program     static D:\Informes V CICLO\Microcontroladores\LAB10\electronicpic16f877.asm
                     xxx1   0x00004d    program     static D:\Informes V CICLO\Microcontroladores\LAB10\electronicpic16f877.asm
                     xxx2   0x00004f    program     static D:\Informes V CICLO\Microcontroladores\LAB10\electronicpic16f877.asm
                     xxx3   0x000051    program     static D:\Informes V CICLO\Microcontroladores\LAB10\electronicpic16f877.asm
       DisplayCatodoComun   0x00005b    program     static D:\Informes V CICLO\Microcontroladores\LAB10\electronicpic16f877.asm
        DisplayAnodoComun   0x000066    program     static D:\Informes V CICLO\Microcontroladores\LAB10\electronicpic16f877.asm
                  retardo   0x000071    program     static D:\Informes V CICLO\Microcontroladores\LAB10\electronicpic16f877.asm
                      ret   0x000072    program     static D:\Informes V CICLO\Microcontroladores\LAB10\electronicpic16f877.asm
                  ret50ms   0x000077    program     static D:\Informes V CICLO\Microcontroladores\LAB10\electronicpic16f877.asm
                 ret100ms   0x00007c    program     static D:\Informes V CICLO\Microcontroladores\LAB10\electronicpic16f877.asm
                 ret300ms   0x00007f    program     static D:\Informes V CICLO\Microcontroladores\LAB10\electronicpic16f877.asm
                 ret600ms   0x000083    program     static D:\Informes V CICLO\Microcontroladores\LAB10\electronicpic16f877.asm
               Inicio_ADC   0x000086    program     static D:\Informes V CICLO\Microcontroladores\LAB10\adc.asm
                 ADC8Bits   0x00008e    program     static D:\Informes V CICLO\Microcontroladores\LAB10\adc.asm
                ADC10Bits   0x000096    program     static D:\Informes V CICLO\Microcontroladores\LAB10\adc.asm
              EnviaCarLCD   0x0000b0    program     static D:\Informes V CICLO\Microcontroladores\LAB10\lcd.asm
              EnviaCmdLCD   0x0000c7    program     static D:\Informes V CICLO\Microcontroladores\LAB10\lcd.asm
              TestBusyLCD   0x0000da    program     static D:\Informes V CICLO\Microcontroladores\LAB10\lcd.asm
               Inicio_lcd   0x0000fa    program     static D:\Informes V CICLO\Microcontroladores\LAB10\lcd.asm
                  TEXTO_1   0x000136    program     static D:\Informes V CICLO\Microcontroladores\LAB10\mensaje.asm
                  TEXTO_2   0x000140    program     static D:\Informes V CICLO\Microcontroladores\LAB10\mensaje.asm
                  TEXTO_3   0x00014e    program     static D:\Informes V CICLO\Microcontroladores\LAB10\mensaje.asm
                  TEXTO_4   0x00015f    program     static D:\Informes V CICLO\Microcontroladores\LAB10\mensaje.asm
                  TEXTO_5   0x000170    program     static D:\Informes V CICLO\Microcontroladores\LAB10\mensaje.asm
                  TEXTO_6   0x000181    program     static D:\Informes V CICLO\Microcontroladores\LAB10\mensaje.asm
                  TEXTO_7   0x000192    program     static D:\Informes V CICLO\Microcontroladores\LAB10\mensaje.asm
                  TEXTO_8   0x0001a1    program     static D:\Informes V CICLO\Microcontroladores\LAB10\mensaje.asm
                  TEXTO_9   0x0001b3    program     static D:\Informes V CICLO\Microcontroladores\LAB10\mensaje.asm
                 TEXTO_10   0x0001c5    program     static D:\Informes V CICLO\Microcontroladores\LAB10\mensaje.asm
                 TEXTO_11   0x0001d4    program     static D:\Informes V CICLO\Microcontroladores\LAB10\mensaje.asm
                 TEXTO_12   0x0001d6    program     static D:\Informes V CICLO\Microcontroladores\LAB10\mensaje.asm
                 TEXTO_13   0x0001d8    program     static D:\Informes V CICLO\Microcontroladores\LAB10\mensaje.asm
                 TEXTO_14   0x0001da    program     static D:\Informes V CICLO\Microcontroladores\LAB10\mensaje.asm
                 TEXTO_15   0x0001dc    program     static D:\Informes V CICLO\Microcontroladores\LAB10\mensaje.asm
                    TEXT1   0x0001de    program     static D:\Informes V CICLO\Microcontroladores\LAB10\mensaje.asm
                    BRIN1   0x0001e0    program     static D:\Informes V CICLO\Microcontroladores\LAB10\mensaje.asm
                    TEXT2   0x0001f4    program     static D:\Informes V CICLO\Microcontroladores\LAB10\mensaje.asm
                    BRIN2   0x0001f6    program     static D:\Informes V CICLO\Microcontroladores\LAB10\mensaje.asm
                    TEXT3   0x00020a    program     static D:\Informes V CICLO\Microcontroladores\LAB10\mensaje.asm
                    BRIN3   0x00020c    program     static D:\Informes V CICLO\Microcontroladores\LAB10\mensaje.asm
                    TEXT4   0x000220    program     static D:\Informes V CICLO\Microcontroladores\LAB10\mensaje.asm
                    BRIN4   0x000222    program     static D:\Informes V CICLO\Microcontroladores\LAB10\mensaje.asm
                    TEXT5   0x000236    program     static D:\Informes V CICLO\Microcontroladores\LAB10\mensaje.asm
                    BRIN5   0x000238    program     static D:\Informes V CICLO\Microcontroladores\LAB10\mensaje.asm
                    TEXT6   0x00024c    program     static D:\Informes V CICLO\Microcontroladores\LAB10\mensaje.asm
                    BRIN6   0x00024e    program     static D:\Informes V CICLO\Microcontroladores\LAB10\mensaje.asm
                    TEXT7   0x000262    program     static D:\Informes V CICLO\Microcontroladores\LAB10\mensaje.asm
                    BRIN7   0x000264    program     static D:\Informes V CICLO\Microcontroladores\LAB10\mensaje.asm
                    TEXT8   0x000278    program     static D:\Informes V CICLO\Microcontroladores\LAB10\mensaje.asm
                    BRIN8   0x00027a    program     static D:\Informes V CICLO\Microcontroladores\LAB10\mensaje.asm
                    TEXT9   0x00028e    program     static D:\Informes V CICLO\Microcontroladores\LAB10\mensaje.asm
                    BRIN9   0x000290    program     static D:\Informes V CICLO\Microcontroladores\LAB10\mensaje.asm
                   TEXT10   0x0002a4    program     static D:\Informes V CICLO\Microcontroladores\LAB10\mensaje.asm
                   BRIN10   0x0002a6    program     static D:\Informes V CICLO\Microcontroladores\LAB10\mensaje.asm
                   TEXT11   0x0002ba    program     static D:\Informes V CICLO\Microcontroladores\LAB10\mensaje.asm
                   BRIN11   0x0002bc    program     static D:\Informes V CICLO\Microcontroladores\LAB10\mensaje.asm
                   TEXT12   0x0002d0    program     static D:\Informes V CICLO\Microcontroladores\LAB10\mensaje.asm
                   BRIN12   0x0002d2    program     static D:\Informes V CICLO\Microcontroladores\LAB10\mensaje.asm
                   TEXT13   0x0002e6    program     static D:\Informes V CICLO\Microcontroladores\LAB10\mensaje.asm
                   BRIN13   0x0002e8    program     static D:\Informes V CICLO\Microcontroladores\LAB10\mensaje.asm
                   TEXT14   0x0002fc    program     static D:\Informes V CICLO\Microcontroladores\LAB10\mensaje.asm
                   BRIN14   0x0002fe    program     static D:\Informes V CICLO\Microcontroladores\LAB10\mensaje.asm
                   TEXT15   0x000312    program     static D:\Informes V CICLO\Microcontroladores\LAB10\mensaje.asm
                   BRIN15   0x000314    program     static D:\Informes V CICLO\Microcontroladores\LAB10\mensaje.asm
                    SALIR   0x000328    program     static D:\Informes V CICLO\Microcontroladores\LAB10\mensaje.asm


