MPLINK 4.49, Linker
Linker Map File - Created Sun May 18 20:58:16 2014

                                 Section Info
                  Section       Type    Address   Location Size(Bytes)
                ---------  ---------  ---------  ---------  ---------
                   .org_0       code   0x000000    program   0x000000
                   .org_1       code   0x000000    program   0x000108
    .config_2007_EJEM02.O       code   0x002007    program   0x000002



                              Program Memory Usage 
                               Start         End      
                           ---------   ---------      
                            0x000000    0x000083      
                            0x002007    0x002007      
            133 out of 8454 program addresses used, program memory utilization is 1%



                              Symbols - Sorted by Name
                     Name    Address   Location    Storage File                     
                ---------  ---------  ---------  --------- ---------                
                ADC10Bits   0x00006a    program     static D:\Informes V CICLO\Microcontroladores\LAB10\adc.asm
                 ADC8Bits   0x000062    program     static D:\Informes V CICLO\Microcontroladores\LAB10\adc.asm
        DisplayAnodoComun   0x00003a    program     static D:\Informes V CICLO\Microcontroladores\LAB10\electronicpic16f877.asm
       DisplayCatodoComun   0x00002f    program     static D:\Informes V CICLO\Microcontroladores\LAB10\electronicpic16f877.asm
               Inicio_ADC   0x00005a    program     static D:\Informes V CICLO\Microcontroladores\LAB10\adc.asm
              Milisegundo   0x000010    program     static D:\Informes V CICLO\Microcontroladores\LAB10\electronicpic16f877.asm
                  Segundo   0x00001e    program     static D:\Informes V CICLO\Microcontroladores\LAB10\electronicpic16f877.asm
                   repite   0x00000a    program     static D:\Informes V CICLO\Microcontroladores\LAB10\ejem02.asm
                      ret   0x000046    program     static D:\Informes V CICLO\Microcontroladores\LAB10\electronicpic16f877.asm
                 ret100ms   0x000050    program     static D:\Informes V CICLO\Microcontroladores\LAB10\electronicpic16f877.asm
                 ret300ms   0x000053    program     static D:\Informes V CICLO\Microcontroladores\LAB10\electronicpic16f877.asm
                  ret50ms   0x00004b    program     static D:\Informes V CICLO\Microcontroladores\LAB10\electronicpic16f877.asm
                 ret600ms   0x000057    program     static D:\Informes V CICLO\Microcontroladores\LAB10\electronicpic16f877.asm
                  retardo   0x000045    program     static D:\Informes V CICLO\Microcontroladores\LAB10\electronicpic16f877.asm
                       xx   0x000011    program     static D:\Informes V CICLO\Microcontroladores\LAB10\electronicpic16f877.asm
                      xx1   0x000013    program     static D:\Informes V CICLO\Microcontroladores\LAB10\electronicpic16f877.asm
                      xx2   0x000015    program     static D:\Informes V CICLO\Microcontroladores\LAB10\electronicpic16f877.asm
                      xxx   0x00001f    program     static D:\Informes V CICLO\Microcontroladores\LAB10\electronicpic16f877.asm
                     xxx1   0x000021    program     static D:\Informes V CICLO\Microcontroladores\LAB10\electronicpic16f877.asm
                     xxx2   0x000023    program     static D:\Informes V CICLO\Microcontroladores\LAB10\electronicpic16f877.asm
                     xxx3   0x000025    program     static D:\Informes V CICLO\Microcontroladores\LAB10\electronicpic16f877.asm



                              Symbols - Sorted by Address
                     Name    Address   Location    Storage File                     
                ---------  ---------  ---------  --------- ---------                
                   repite   0x00000a    program     static D:\Informes V CICLO\Microcontroladores\LAB10\ejem02.asm
              Milisegundo   0x000010    program     static D:\Informes V CICLO\Microcontroladores\LAB10\electronicpic16f877.asm
                       xx   0x000011    program     static D:\Informes V CICLO\Microcontroladores\LAB10\electronicpic16f877.asm
                      xx1   0x000013    program     static D:\Informes V CICLO\Microcontroladores\LAB10\electronicpic16f877.asm
                      xx2   0x000015    program     static D:\Informes V CICLO\Microcontroladores\LAB10\electronicpic16f877.asm
                  Segundo   0x00001e    program     static D:\Informes V CICLO\Microcontroladores\LAB10\electronicpic16f877.asm
                      xxx   0x00001f    program     static D:\Informes V CICLO\Microcontroladores\LAB10\electronicpic16f877.asm
                     xxx1   0x000021    program     static D:\Informes V CICLO\Microcontroladores\LAB10\electronicpic16f877.asm
                     xxx2   0x000023    program     static D:\Informes V CICLO\Microcontroladores\LAB10\electronicpic16f877.asm
                     xxx3   0x000025    program     static D:\Informes V CICLO\Microcontroladores\LAB10\electronicpic16f877.asm
       DisplayCatodoComun   0x00002f    program     static D:\Informes V CICLO\Microcontroladores\LAB10\electronicpic16f877.asm
        DisplayAnodoComun   0x00003a    program     static D:\Informes V CICLO\Microcontroladores\LAB10\electronicpic16f877.asm
                  retardo   0x000045    program     static D:\Informes V CICLO\Microcontroladores\LAB10\electronicpic16f877.asm
                      ret   0x000046    program     static D:\Informes V CICLO\Microcontroladores\LAB10\electronicpic16f877.asm
                  ret50ms   0x00004b    program     static D:\Informes V CICLO\Microcontroladores\LAB10\electronicpic16f877.asm
                 ret100ms   0x000050    program     static D:\Informes V CICLO\Microcontroladores\LAB10\electronicpic16f877.asm
                 ret300ms   0x000053    program     static D:\Informes V CICLO\Microcontroladores\LAB10\electronicpic16f877.asm
                 ret600ms   0x000057    program     static D:\Informes V CICLO\Microcontroladores\LAB10\electronicpic16f877.asm
               Inicio_ADC   0x00005a    program     static D:\Informes V CICLO\Microcontroladores\LAB10\adc.asm
                 ADC8Bits   0x000062    program     static D:\Informes V CICLO\Microcontroladores\LAB10\adc.asm
                ADC10Bits   0x00006a    program     static D:\Informes V CICLO\Microcontroladores\LAB10\adc.asm


