MPLINK 4.49, Linker
Linker Map File - Created Sat Jun 21 22:15:33 2014

                                 Section Info
                  Section       Type    Address   Location Size(Bytes)
                ---------  ---------  ---------  ---------  ---------
                   .org_0       code   0x000000    program   0x000000
                   .org_1       code   0x000000    program   0x000228
    .config_2007_EJEM02.O       code   0x002007    program   0x000002



                              Program Memory Usage 
                               Start         End      
                           ---------   ---------      
                            0x000000    0x000113      
                            0x002007    0x002007      
            277 out of 8454 program addresses used, program memory utilization is 3%



                              Symbols - Sorted by Name
                     Name    Address   Location    Storage File                     
                ---------  ---------  ---------  --------- ---------                
        DisplayAnodoComun   0x00003c    program     static D:\Informes V CICLO\Microcontroladores\LAB11\electronicpic16f877.asm
       DisplayCatodoComun   0x000031    program     static D:\Informes V CICLO\Microcontroladores\LAB11\electronicpic16f877.asm
              EnviaCarLCD   0x00005c    program     static D:\Informes V CICLO\Microcontroladores\LAB11\lcd.asm
              EnviaCmdLCD   0x000073    program     static D:\Informes V CICLO\Microcontroladores\LAB11\lcd.asm
               Inicio_lcd   0x0000a6    program     static D:\Informes V CICLO\Microcontroladores\LAB11\lcd.asm
              Milisegundo   0x000012    program     static D:\Informes V CICLO\Microcontroladores\LAB11\electronicpic16f877.asm
           RS232_EnviaBit   0x0000fd    program     static D:\Informes V CICLO\Microcontroladores\LAB11\rs232_16f877.asm
          RS232_EnviaCero   0x000102    program     static D:\Informes V CICLO\Microcontroladores\LAB11\rs232_16f877.asm
          RS232_EnviaDato   0x0000f8    program     static D:\Informes V CICLO\Microcontroladores\LAB11\rs232_16f877.asm
        RS232_EnviaNumero   0x0000f7    program     static D:\Informes V CICLO\Microcontroladores\LAB11\rs232_16f877.asm
           RS232_EnviaUno   0x000100    program     static D:\Informes V CICLO\Microcontroladores\LAB11\rs232_16f877.asm
     RS232_EsperaBitStart   0x0000e9    program     static D:\Informes V CICLO\Microcontroladores\LAB11\rs232_16f877.asm
        RS232_FinEnviaBit   0x000103    program     static D:\Informes V CICLO\Microcontroladores\LAB11\rs232_16f877.asm
         RS232_Inicializa   0x0000e2    program     static D:\Informes V CICLO\Microcontroladores\LAB11\rs232_16f877.asm
             RS232_LeeBit   0x0000ed    program     static D:\Informes V CICLO\Microcontroladores\LAB11\rs232_16f877.asm
            RS232_LeeDato   0x0000e7    program     static D:\Informes V CICLO\Microcontroladores\LAB11\rs232_16f877.asm
                   Repite   0x000001    program     static D:\Informes V CICLO\Microcontroladores\LAB11\ejem02.asm
        Retardo_100micros   0x00010c    program     static D:\Informes V CICLO\Microcontroladores\LAB11\rs232_16f877.asm
        Retardo_200micros   0x000109    program     static D:\Informes V CICLO\Microcontroladores\LAB11\rs232_16f877.asm
         Retardo_50micros   0x00010f    program     static D:\Informes V CICLO\Microcontroladores\LAB11\rs232_16f877.asm
                  Segundo   0x000020    program     static D:\Informes V CICLO\Microcontroladores\LAB11\electronicpic16f877.asm
              TestBusyLCD   0x000086    program     static D:\Informes V CICLO\Microcontroladores\LAB11\lcd.asm
              bucle_micro   0x000111    program     static D:\Informes V CICLO\Microcontroladores\LAB11\rs232_16f877.asm
                      ret   0x000048    program     static D:\Informes V CICLO\Microcontroladores\LAB11\electronicpic16f877.asm
                 ret100ms   0x000052    program     static D:\Informes V CICLO\Microcontroladores\LAB11\electronicpic16f877.asm
                 ret300ms   0x000055    program     static D:\Informes V CICLO\Microcontroladores\LAB11\electronicpic16f877.asm
                  ret50ms   0x00004d    program     static D:\Informes V CICLO\Microcontroladores\LAB11\electronicpic16f877.asm
                 ret600ms   0x000059    program     static D:\Informes V CICLO\Microcontroladores\LAB11\electronicpic16f877.asm
                  retardo   0x000047    program     static D:\Informes V CICLO\Microcontroladores\LAB11\electronicpic16f877.asm
                       xx   0x000013    program     static D:\Informes V CICLO\Microcontroladores\LAB11\electronicpic16f877.asm
                      xx1   0x000015    program     static D:\Informes V CICLO\Microcontroladores\LAB11\electronicpic16f877.asm
                      xx2   0x000017    program     static D:\Informes V CICLO\Microcontroladores\LAB11\electronicpic16f877.asm
                      xxx   0x000021    program     static D:\Informes V CICLO\Microcontroladores\LAB11\electronicpic16f877.asm
                     xxx1   0x000023    program     static D:\Informes V CICLO\Microcontroladores\LAB11\electronicpic16f877.asm
                     xxx2   0x000025    program     static D:\Informes V CICLO\Microcontroladores\LAB11\electronicpic16f877.asm
                     xxx3   0x000027    program     static D:\Informes V CICLO\Microcontroladores\LAB11\electronicpic16f877.asm



                              Symbols - Sorted by Address
                     Name    Address   Location    Storage File                     
                ---------  ---------  ---------  --------- ---------                
                   Repite   0x000001    program     static D:\Informes V CICLO\Microcontroladores\LAB11\ejem02.asm
              Milisegundo   0x000012    program     static D:\Informes V CICLO\Microcontroladores\LAB11\electronicpic16f877.asm
                       xx   0x000013    program     static D:\Informes V CICLO\Microcontroladores\LAB11\electronicpic16f877.asm
                      xx1   0x000015    program     static D:\Informes V CICLO\Microcontroladores\LAB11\electronicpic16f877.asm
                      xx2   0x000017    program     static D:\Informes V CICLO\Microcontroladores\LAB11\electronicpic16f877.asm
                  Segundo   0x000020    program     static D:\Informes V CICLO\Microcontroladores\LAB11\electronicpic16f877.asm
                      xxx   0x000021    program     static D:\Informes V CICLO\Microcontroladores\LAB11\electronicpic16f877.asm
                     xxx1   0x000023    program     static D:\Informes V CICLO\Microcontroladores\LAB11\electronicpic16f877.asm
                     xxx2   0x000025    program     static D:\Informes V CICLO\Microcontroladores\LAB11\electronicpic16f877.asm
                     xxx3   0x000027    program     static D:\Informes V CICLO\Microcontroladores\LAB11\electronicpic16f877.asm
       DisplayCatodoComun   0x000031    program     static D:\Informes V CICLO\Microcontroladores\LAB11\electronicpic16f877.asm
        DisplayAnodoComun   0x00003c    program     static D:\Informes V CICLO\Microcontroladores\LAB11\electronicpic16f877.asm
                  retardo   0x000047    program     static D:\Informes V CICLO\Microcontroladores\LAB11\electronicpic16f877.asm
                      ret   0x000048    program     static D:\Informes V CICLO\Microcontroladores\LAB11\electronicpic16f877.asm
                  ret50ms   0x00004d    program     static D:\Informes V CICLO\Microcontroladores\LAB11\electronicpic16f877.asm
                 ret100ms   0x000052    program     static D:\Informes V CICLO\Microcontroladores\LAB11\electronicpic16f877.asm
                 ret300ms   0x000055    program     static D:\Informes V CICLO\Microcontroladores\LAB11\electronicpic16f877.asm
                 ret600ms   0x000059    program     static D:\Informes V CICLO\Microcontroladores\LAB11\electronicpic16f877.asm
              EnviaCarLCD   0x00005c    program     static D:\Informes V CICLO\Microcontroladores\LAB11\lcd.asm
              EnviaCmdLCD   0x000073    program     static D:\Informes V CICLO\Microcontroladores\LAB11\lcd.asm
              TestBusyLCD   0x000086    program     static D:\Informes V CICLO\Microcontroladores\LAB11\lcd.asm
               Inicio_lcd   0x0000a6    program     static D:\Informes V CICLO\Microcontroladores\LAB11\lcd.asm
         RS232_Inicializa   0x0000e2    program     static D:\Informes V CICLO\Microcontroladores\LAB11\rs232_16f877.asm
            RS232_LeeDato   0x0000e7    program     static D:\Informes V CICLO\Microcontroladores\LAB11\rs232_16f877.asm
     RS232_EsperaBitStart   0x0000e9    program     static D:\Informes V CICLO\Microcontroladores\LAB11\rs232_16f877.asm
             RS232_LeeBit   0x0000ed    program     static D:\Informes V CICLO\Microcontroladores\LAB11\rs232_16f877.asm
        RS232_EnviaNumero   0x0000f7    program     static D:\Informes V CICLO\Microcontroladores\LAB11\rs232_16f877.asm
          RS232_EnviaDato   0x0000f8    program     static D:\Informes V CICLO\Microcontroladores\LAB11\rs232_16f877.asm
           RS232_EnviaBit   0x0000fd    program     static D:\Informes V CICLO\Microcontroladores\LAB11\rs232_16f877.asm
           RS232_EnviaUno   0x000100    program     static D:\Informes V CICLO\Microcontroladores\LAB11\rs232_16f877.asm
          RS232_EnviaCero   0x000102    program     static D:\Informes V CICLO\Microcontroladores\LAB11\rs232_16f877.asm
        RS232_FinEnviaBit   0x000103    program     static D:\Informes V CICLO\Microcontroladores\LAB11\rs232_16f877.asm
        Retardo_200micros   0x000109    program     static D:\Informes V CICLO\Microcontroladores\LAB11\rs232_16f877.asm
        Retardo_100micros   0x00010c    program     static D:\Informes V CICLO\Microcontroladores\LAB11\rs232_16f877.asm
         Retardo_50micros   0x00010f    program     static D:\Informes V CICLO\Microcontroladores\LAB11\rs232_16f877.asm
              bucle_micro   0x000111    program     static D:\Informes V CICLO\Microcontroladores\LAB11\rs232_16f877.asm


