MPLINK 4.49, Linker
Linker Map File - Created Mon May 12 23:06:40 2014

                                 Section Info
                  Section       Type    Address   Location Size(Bytes)
                ---------  ---------  ---------  ---------  ---------
                   .org_0       code   0x000000    program   0x000000
                   .org_1       code   0x000000    program   0x000002
                   .org_2       code   0x000004    program   0x0000dc
 .config_2007_EJEM01111.O       code   0x002007    program   0x000002



                              Program Memory Usage 
                               Start         End      
                           ---------   ---------      
                            0x000000    0x000000      
                            0x000004    0x000071      
                            0x002007    0x002007      
            112 out of 8454 program addresses used, program memory utilization is 1%



                              Symbols - Sorted by Name
                     Name    Address   Location    Storage File                     
                ---------  ---------  ---------  --------- ---------                
        DisplayAnodoComun   0x000040    program     static D:\Informes V CICLO\Microcontroladores\LAB9\electronicpic16f877.asm
       DisplayCatodoComun   0x000035    program     static D:\Informes V CICLO\Microcontroladores\LAB9\electronicpic16f877.asm
               FinIntTMR0   0x00006e    program     static D:\Informes V CICLO\Microcontroladores\LAB9\interrupcion.asm
            InicioIntTMR0   0x000060    program     static D:\Informes V CICLO\Microcontroladores\LAB9\interrupcion.asm
              Milisegundo   0x000016    program     static D:\Informes V CICLO\Microcontroladores\LAB9\electronicpic16f877.asm
                  Segundo   0x000024    program     static D:\Informes V CICLO\Microcontroladores\LAB9\electronicpic16f877.asm
                   inicio   0x000005    program     static D:\Informes V CICLO\Microcontroladores\LAB9\ejem01111.asm
             interrupcion   0x00000e    program     static D:\Informes V CICLO\Microcontroladores\LAB9\ejem01111.asm
                   repite   0x00000c    program     static D:\Informes V CICLO\Microcontroladores\LAB9\ejem01111.asm
                      ret   0x00004c    program     static D:\Informes V CICLO\Microcontroladores\LAB9\electronicpic16f877.asm
                 ret100ms   0x000056    program     static D:\Informes V CICLO\Microcontroladores\LAB9\electronicpic16f877.asm
                 ret300ms   0x000059    program     static D:\Informes V CICLO\Microcontroladores\LAB9\electronicpic16f877.asm
                  ret50ms   0x000051    program     static D:\Informes V CICLO\Microcontroladores\LAB9\electronicpic16f877.asm
                 ret600ms   0x00005d    program     static D:\Informes V CICLO\Microcontroladores\LAB9\electronicpic16f877.asm
                  retardo   0x00004b    program     static D:\Informes V CICLO\Microcontroladores\LAB9\electronicpic16f877.asm
                       xx   0x000017    program     static D:\Informes V CICLO\Microcontroladores\LAB9\electronicpic16f877.asm
                      xx1   0x000019    program     static D:\Informes V CICLO\Microcontroladores\LAB9\electronicpic16f877.asm
                      xx2   0x00001b    program     static D:\Informes V CICLO\Microcontroladores\LAB9\electronicpic16f877.asm
                      xxx   0x000025    program     static D:\Informes V CICLO\Microcontroladores\LAB9\electronicpic16f877.asm
                     xxx1   0x000027    program     static D:\Informes V CICLO\Microcontroladores\LAB9\electronicpic16f877.asm
                     xxx2   0x000029    program     static D:\Informes V CICLO\Microcontroladores\LAB9\electronicpic16f877.asm
                     xxx3   0x00002b    program     static D:\Informes V CICLO\Microcontroladores\LAB9\electronicpic16f877.asm



                              Symbols - Sorted by Address
                     Name    Address   Location    Storage File                     
                ---------  ---------  ---------  --------- ---------                
                   inicio   0x000005    program     static D:\Informes V CICLO\Microcontroladores\LAB9\ejem01111.asm
                   repite   0x00000c    program     static D:\Informes V CICLO\Microcontroladores\LAB9\ejem01111.asm
             interrupcion   0x00000e    program     static D:\Informes V CICLO\Microcontroladores\LAB9\ejem01111.asm
              Milisegundo   0x000016    program     static D:\Informes V CICLO\Microcontroladores\LAB9\electronicpic16f877.asm
                       xx   0x000017    program     static D:\Informes V CICLO\Microcontroladores\LAB9\electronicpic16f877.asm
                      xx1   0x000019    program     static D:\Informes V CICLO\Microcontroladores\LAB9\electronicpic16f877.asm
                      xx2   0x00001b    program     static D:\Informes V CICLO\Microcontroladores\LAB9\electronicpic16f877.asm
                  Segundo   0x000024    program     static D:\Informes V CICLO\Microcontroladores\LAB9\electronicpic16f877.asm
                      xxx   0x000025    program     static D:\Informes V CICLO\Microcontroladores\LAB9\electronicpic16f877.asm
                     xxx1   0x000027    program     static D:\Informes V CICLO\Microcontroladores\LAB9\electronicpic16f877.asm
                     xxx2   0x000029    program     static D:\Informes V CICLO\Microcontroladores\LAB9\electronicpic16f877.asm
                     xxx3   0x00002b    program     static D:\Informes V CICLO\Microcontroladores\LAB9\electronicpic16f877.asm
       DisplayCatodoComun   0x000035    program     static D:\Informes V CICLO\Microcontroladores\LAB9\electronicpic16f877.asm
        DisplayAnodoComun   0x000040    program     static D:\Informes V CICLO\Microcontroladores\LAB9\electronicpic16f877.asm
                  retardo   0x00004b    program     static D:\Informes V CICLO\Microcontroladores\LAB9\electronicpic16f877.asm
                      ret   0x00004c    program     static D:\Informes V CICLO\Microcontroladores\LAB9\electronicpic16f877.asm
                  ret50ms   0x000051    program     static D:\Informes V CICLO\Microcontroladores\LAB9\electronicpic16f877.asm
                 ret100ms   0x000056    program     static D:\Informes V CICLO\Microcontroladores\LAB9\electronicpic16f877.asm
                 ret300ms   0x000059    program     static D:\Informes V CICLO\Microcontroladores\LAB9\electronicpic16f877.asm
                 ret600ms   0x00005d    program     static D:\Informes V CICLO\Microcontroladores\LAB9\electronicpic16f877.asm
            InicioIntTMR0   0x000060    program     static D:\Informes V CICLO\Microcontroladores\LAB9\interrupcion.asm
               FinIntTMR0   0x00006e    program     static D:\Informes V CICLO\Microcontroladores\LAB9\interrupcion.asm


